<html>
<body>
<pre>
<h1>µVision Build Log</h1>
<h2>Tool Versions:</h2>
IDE-Version: ¶ÃVision V5.23.0.0
Copyright (C) 2017 ARM Ltd and ARM Germany GmbH. All rights reserved.
License Information: Microsoft, Microsoft, LIC=TA301-C4S3R-15FTV-PZW5F-XNR0W-WJA2U
 
Tool Versions:
Toolchain:       MDK-ARM Professional  Version: 5.23
Toolchain Path:  D:\keil\ARM\ARMCC\Bin
C Compiler:      Armcc.exe V5.06 update 4 (build 422)
Assembler:       Armasm.exe V5.06 update 4 (build 422)
Linker/Locator:  ArmLink.exe V5.06 update 4 (build 422)
Library Manager: ArmAr.exe V5.06 update 4 (build 422)
Hex Converter:   FromElf.exe V5.06 update 4 (build 422)
CPU DLL:         SARMCM3.DLL V5.23
Dialog DLL:      DCM.DLL V1.15.0.0
Target DLL:      CMSIS_AGDI.dll V1.27.5.0
Dialog DLL:      TCM.DLL V1.27.0.0
 
<h2>Project:</h2>
C:\Users\Administrator\Desktop\‘∆Ã®øÿ÷∆≥Ã–ÚV2.0\USER\gimbal.uvprojx
Project File Date:  05/09/2018

<h2>Output:</h2>
*** Using Compiler 'V5.06 update 4 (build 422)', folder: 'D:\keil\ARM\ARMCC\Bin'
Rebuild target 'gimbal'
compiling main.c...
compiling stm32f10x_it.c...
compiling system_stm32f10x.c...
compiling pid.c...
pid.c(6): warning:  #177-D: variable "cntICal"  was declared but never referenced
  	static uint16_t cntICal = 0;
pid.c(149): warning:  #550-D: variable "indexICal"  was set but never used
  	static float indexICal = 0.0;
pid.c: 2 warnings, 0 errors
compiling led.c...
compiling gimbalcontrol.c...
compiling mpu6050.c...
compiling boardmpu.c...
compiling boardmpui2c.c...
compiling mpui2c.c...
compiling motor.c...
compiling TIM_Message.c...
compiling report.c...
compiling delay.c...
compiling usart.c...
compiling sys.c...
assembling startup_stm32f10x_hd.s...
compiling misc.c...
compiling core_cm3.c...
compiling stm32f10x_fsmc.c...
compiling stm32f10x_gpio.c...
compiling stm32f10x_rcc.c...
compiling stm32f10x_usart.c...
compiling stm32f10x_tim.c...
linking...
Program Size: Code=20998 RO-data=786 RW-data=704 ZI-data=10408  
FromELF: creating hex file...
"..\OBJ\gimbal.axf" - 0 Error(s), 2 Warning(s).

<h2>Collection of Component include folders:</h2>
  .\RTE\_gimbal
  D:\keil\ARM\PACK\Keil\STM32F1xx_DFP\2.2.0\Device\Include

<h2>Collection of Component Files used:</h2>
Build Time Elapsed:  00:00:07
</pre>
</body>
</html>
